// Jest Snapshot v1, https://goo.gl/fbAQLP

exports[`HeaderComponent should match with snapshot 1`] = `
<div
  id="root1"
>
  <header>
    <div
      class="logo"
    >
      <a
        href="/"
      >
        <img
          src="assets/img/logo-header.jpg"
        />
      </a>
    </div>
  </header>
</div>
`;
